// Jest Snapshot v1, https://goo.gl/fbAQLP

exports[`Footer matches the snapshot 1`] = `
<div>
  <p>
    Search for a lesson
  </p>
  <input
    type="text"
  >
    Search here
  </input>
  ;
</div>
`;
